{
  "query" : {
    "filtered" : {
      "filter" : {
        "bool" : {
          "must" : {
            "bool" : {
              "must" : [ {
                "query" : {
                  "wildcard" : {
                    "firstname" : {
                      "wildcard" : "A*"
                    }
                  }
                }
              }, {
                "range" : {
                  "age" : {
                    "from" : 20,
                    "to" : null,
                    "include_lower" : false,
                    "include_upper" : true
                  }
                }
              } ]
            }
          }
        }
      }
    }
  }
}