{
  "from" : 0,
  "size" : 200,
  "query" : {
    "filtered" : {
      "filter" : {
        "bool" : {
          "must" : {
            "geo_shape" : {
              "place" : {
                "shape" : {
                  "type" : "polygon",
                  "coordinates" : [ [ [ 102.0, 2.0 ], [ 103.0, 2.0 ], [ 103.0, 3.0 ], [ 102.0, 3.0 ], [ 102.0, 2.0 ] ] ]
                },
                "relation" : "intersects"
              },
              "_name" : null
            }
          }
        }
      }
    }
  }
}